---
source: crates/mini_haskell_lexer/src/lexer.rs
expression: tokens
---
[
    Ok(
        Token {
            ty: BoolDecl,
            span: Span {
                start: 0,
                end: 4,
            },
        },
    ),
    Ok(
        Token {
            ty: BoolLit(
                false,
            ),
            span: Span {
                start: 5,
                end: 6,
            },
        },
    ),
    Ok(
        Token {
            ty: BoolLit(
                true,
            ),
            span: Span {
                start: 7,
                end: 8,
            },
        },
    ),
    Ok(
        Token {
            ty: Nat,
            span: Span {
                start: 9,
                end: 12,
            },
        },
    ),
    Ok(
        Token {
            ty: Func,
            span: Span {
                start: 13,
                end: 17,
            },
        },
    ),
    Ok(
        Token {
            ty: QuestionMark,
            span: Span {
                start: 18,
                end: 19,
            },
        },
    ),
    Ok(
        Token {
            ty: Colon,
            span: Span {
                start: 20,
                end: 21,
            },
        },
    ),
    Ok(
        Token {
            ty: Semicolon,
            span: Span {
                start: 22,
                end: 23,
            },
        },
    ),
    Ok(
        Token {
            ty: LeftParen,
            span: Span {
                start: 24,
                end: 25,
            },
        },
    ),
    Ok(
        Token {
            ty: RightParen,
            span: Span {
                start: 25,
                end: 26,
            },
        },
    ),
    Ok(
        Token {
            ty: Plus,
            span: Span {
                start: 27,
                end: 28,
            },
        },
    ),
    Ok(
        Token {
            ty: Ampersand,
            span: Span {
                start: 29,
                end: 30,
            },
        },
    ),
    Ok(
        Token {
            ty: Arrow,
            span: Span {
                start: 31,
                end: 33,
            },
        },
    ),
    Ok(
        Token {
            ty: Less,
            span: Span {
                start: 34,
                end: 35,
            },
        },
    ),
    Ok(
        Token {
            ty: Comment(
                "[abc]",
            ),
            span: Span {
                start: 36,
                end: 41,
            },
        },
    ),
    Ok(
        Token {
            ty: Identifier(
                "a123",
            ),
            span: Span {
                start: 42,
                end: 46,
            },
        },
    ),
]
