---
source: crates/mini_haskell_parser/src/parser.rs
expression: result
---
[
    Ok(
        Token {
            ty: NatLit(
                1,
            ),
            span: Span {
                start: 0,
                end: 1,
            },
        },
    ),
    Ok(
        Token {
            ty: NatLit(
                2,
            ),
            span: Span {
                start: 4,
                end: 5,
            },
        },
    ),
    Ok(
        Token {
            ty: NatLit(
                2,
            ),
            span: Span {
                start: 4,
                end: 5,
            },
        },
    ),
]
